[0m16:44:59.631142 [debug] [MainThread]: Sending event: {'category': 'dbt', 'action': 'invocation', 'label': 'start', 'context': [<snowplow_tracker.self_describing_json.SelfDescribingJson object at 0x0000018002B06270>, <snowplow_tracker.self_describing_json.SelfDescribingJson object at 0x00000180050DFED0>, <snowplow_tracker.self_describing_json.SelfDescribingJson object at 0x00000180050DF9D0>]}


============================== 16:44:59.635198 | 90d4e4d0-b1b1-46d8-b40f-8c606f8f4b1a ==============================
[0m16:44:59.635198 [info ] [MainThread]: Running with dbt=1.12.4
[0m16:44:59.635700 [debug] [MainThread]: running dbt with arguments {'static_parser': 'True', 'no_print': 'None', 'maximum_seed_size_mib': '1', 'warn_error_options': 'WarnErrorOptionsV2(error=[], warn=[], silence=[])', 'target_path': 'None', 'version_check': 'True', 'printer_width': '80', 'write_json': 'True', 'introspect': 'True', 'log_cache_events': 'False', 'empty': 'None', 'cache_selected_only': 'False', 'log_format': 'default', 'debug': 'False', 'fail_fast': 'False', 'partial_parse': 'True', 'send_anonymous_usage_stats': 'True', 'quiet': 'False', 'warn_error': 'None', 'profiles_dir': 'C:\\Users\\liamt\\.dbt', 'indirect_selection': 'eager', 'hints_enabled': 'True', 'invocation_command': 'dbt init f1_dbt', 'use_experimental_parser': 'False', 'use_colors': 'True', 'log_path': 'logs'}
[0m16:44:59.648656 [info ] [MainThread]: Creating dbt configuration folder at C:\Users\liamt\.dbt
[0m16:44:59.650173 [debug] [MainThread]: Starter project path: C:\Users\liamt\Desktop\Personal Projects\Data_Engineering\f1-data-pipeline\.venv\Lib\site-packages\dbt\include\starter_project
[0m16:44:59.667356 [info ] [MainThread]: Setting up your profile.
[0m16:46:40.355708 [info ] [MainThread]: Profile f1_dbt written to C:\Users\liamt\.dbt\profiles.yml using target's profile_template.yml and your supplied values.
[0m16:46:40.357578 [info ] [MainThread]: Running dbt debug to validate the project...
[0m16:46:40.358033 [info ] [MainThread]: dbt version: 1.12.4
[0m16:46:40.358335 [info ] [MainThread]: python version: 3.13.7
[0m16:46:40.358610 [info ] [MainThread]: python path: C:\Users\liamt\Desktop\Personal Projects\Data_Engineering\f1-data-pipeline\.venv\Scripts\python.exe
[0m16:46:40.358895 [info ] [MainThread]: os info: Windows-11-10.0.26200-SP0
[0m16:46:40.393869 [info ] [MainThread]: Using profiles dir at C:\Users\liamt\.dbt
[0m16:46:40.394330 [info ] [MainThread]: Using profiles.yml file at C:\Users\liamt\.dbt\profiles.yml
[0m16:46:40.394622 [info ] [MainThread]: Using dbt_project.yml file at C:\Users\liamt\Desktop\Personal Projects\Data_Engineering\f1-data-pipeline\f1_dbt\dbt_project.yml
[0m16:46:40.395474 [info ] [MainThread]: adapter type: postgres
[0m16:46:40.395729 [info ] [MainThread]: adapter version: 1.11.0
[0m16:46:40.470486 [info ] [MainThread]: Configuration:
[0m16:46:40.470952 [info ] [MainThread]:   profiles.yml file [[32mOK found and valid[0m]
[0m16:46:40.471251 [info ] [MainThread]:   dbt_project.yml file [[32mOK found and valid[0m]
[0m16:46:40.471481 [info ] [MainThread]: Required dependencies:
[0m16:46:40.471719 [debug] [MainThread]: Executing "git --help"
[0m16:46:40.509694 [debug] [MainThread]: STDOUT: "b"usage: git [-v | --version] [-h | --help] [-C <path>] [-c <name>=<value>]\n           [--exec-path[=<path>]] [--html-path] [--man-path] [--info-path]\n           [-p | --paginate | -P | --no-pager] [--no-replace-objects] [--no-lazy-fetch]\n           [--no-optional-locks] [--no-advice] [--bare] [--git-dir=<path>]\n           [--work-tree=<path>] [--namespace=<name>] [--config-env=<name>=<envvar>]\n           <command> [<args>]\n\nThese are common Git commands used in various situations:\n\nstart a working area (see also: git help tutorial)\n   clone      Clone a repository into a new directory\n   init       Create an empty Git repository or reinitialize an existing one\n\nwork on the current change (see also: git help everyday)\n   add        Add file contents to the index\n   mv         Move or rename a file, a directory, or a symlink\n   restore    Restore working tree files\n   rm         Remove files from the working tree and from the index\n\nexamine the history and state (see also: git help revisions)\n   bisect     Use binary search to find the commit that introduced a bug\n   diff       Show changes between commits, commit and working tree, etc\n   grep       Print lines matching a pattern\n   log        Show commit logs\n   show       Show various types of objects\n   status     Show the working tree status\n\ngrow, mark and tweak your common history\n   backfill   Download missing objects in a partial clone\n   branch     List, create, or delete branches\n   commit     Record changes to the repository\n   merge      Join two or more development histories together\n   rebase     Reapply commits on top of another base tip\n   reset      Reset current HEAD to the specified state\n   switch     Switch branches\n   tag        Create, list, delete or verify tags\n\ncollaborate (see also: git help workflows)\n   fetch      Download objects and refs from another repository\n   pull       Fetch from and integrate with another repository or a local branch\n   push       Update remote refs along with associated objects\n\n'git help -a' and 'git help -g' list available subcommands and some\nconcept guides. See 'git help <command>' or 'git help <concept>'\nto read about a specific subcommand or concept.\nSee 'git help git' for an overview of the system.\n""
[0m16:46:40.510211 [debug] [MainThread]: STDERR: "b''"
[0m16:46:40.510743 [info ] [MainThread]:  - git [[32mOK found[0m]

[0m16:46:40.511153 [info ] [MainThread]: Connection:
[0m16:46:40.511437 [info ] [MainThread]:   host: localhost
[0m16:46:40.511690 [info ] [MainThread]:   port: 5432
[0m16:46:40.511942 [info ] [MainThread]:   user: postgres
[0m16:46:40.512155 [info ] [MainThread]:   database: f1_data
[0m16:46:40.512351 [info ] [MainThread]:   schema: public
[0m16:46:40.512545 [info ] [MainThread]:   connect_timeout: 10
[0m16:46:40.512752 [info ] [MainThread]:   role: None
[0m16:46:40.512964 [info ] [MainThread]:   search_path: None
[0m16:46:40.513158 [info ] [MainThread]:   keepalives_idle: 0
[0m16:46:40.513421 [info ] [MainThread]:   sslmode: None
[0m16:46:40.513662 [info ] [MainThread]:   sslcert: None
[0m16:46:40.513913 [info ] [MainThread]:   sslkey: None
[0m16:46:40.514156 [info ] [MainThread]:   sslrootcert: None
[0m16:46:40.514377 [info ] [MainThread]:   application_name: dbt
[0m16:46:40.514572 [info ] [MainThread]:   autocommit: False
[0m16:46:40.514759 [info ] [MainThread]:   retries: 1
[0m16:46:40.515137 [info ] [MainThread]: Registered adapter: postgres=1.11.0
[0m16:46:40.655349 [debug] [MainThread]: Acquiring new postgres connection 'debug'
[0m16:46:41.669740 [debug] [MainThread]: Using postgres connection "debug"
[0m16:46:41.670055 [debug] [MainThread]: On debug: select 1 as id
[0m16:46:41.670245 [debug] [MainThread]: Opening a new connection, currently in state init
[0m16:46:41.698073 [debug] [MainThread]: SQL status: SELECT 1 in 0.028 seconds
[0m16:46:41.698826 [debug] [MainThread]: On debug: Close
[0m16:46:41.699117 [info ] [MainThread]:   Connection test: [[32mOK connection ok[0m]

[0m16:46:41.699498 [info ] [MainThread]: [32mAll checks passed![0m
[0m16:46:41.699827 [info ] [MainThread]: Your new dbt project "f1_dbt" was created!
Initialized new project in C:\Users\liamt\Desktop\Personal Projects\Data_Engineering\f1-data-pipeline\f1_dbt\f1_dbt

For more information on how to configure the profiles.yml file,
please consult the dbt documentation here:

  https://docs.getdbt.com/docs/configure-your-profile

One more thing:

Need help? Don't hesitate to reach out to us via GitHub issues or on Slack:

  https://community.getdbt.com/

Happy modeling!

[0m16:46:41.700488 [debug] [MainThread]: Command `dbt init` succeeded at 16:46:41.700400 after 102.16 seconds
[0m16:46:41.700702 [debug] [MainThread]: Connection 'debug' was properly closed.
[0m16:46:41.700917 [debug] [MainThread]: Sending event: {'category': 'dbt', 'action': 'invocation', 'label': 'end', 'context': [<snowplow_tracker.self_describing_json.SelfDescribingJson object at 0x00000180052BDE00>, <snowplow_tracker.self_describing_json.SelfDescribingJson object at 0x0000018005184050>, <snowplow_tracker.self_describing_json.SelfDescribingJson object at 0x000001800538BDF0>]}
[0m16:46:41.701217 [debug] [MainThread]: Flushing usage events
[0m16:46:42.277530 [debug] [MainThread]: An error was encountered while trying to flush usage events
